I/IdleWidgetProvider( 1219): updateIcon slot=battery index=7 viewIndex=5 old=StatusBarIcon(pkg=com.android.systemui id=0x10802fe level=52 visible=true num=0 ) icon=StatusBarIcon(pkg=com.android.systemui id=0x10802fe level=52 visible=true num=0 )
I/IdleWidgetProvider( 1219): updateIcon slot=battery index=7 viewIndex=5 old=StatusBarIcon(pkg=com.android.systemui id=0x10802fe level=56 visible=true num=0 ) icon=StatusBarIcon(pkg=com.android.systemui id=0x10802fe level=56 visible=true num=0 )
I/power   (  939): *** set_screen_state 0
D/SurfaceFlinger(  939): About to give-up screen, flinger = 0x15f978
D/AlarmManagerService(  939): type :2
D/AlarmManagerService(  939): needSetRtc :false
I/IdleWidgetApp( 1219): onReceive android.intent.action.SCREEN_OFF
I/IdleWidgetProvider( 1219): onReceive intent=Intent { act=android.intent.action.SCREEN_OFF cmp=com.lonshine.idlewidget/.IdleWidgetProvider }
W/AlarmManager(  939): setRtc = 1409382121199
I/DeviceStorageMonitorService(  939): restatDataDir mDataFileStats.getAvailableBlocks():34595, mDataFileStats.getBlockSize():4096
V/DeviceStorageMonitorService(  939): freeMemory=141701120 mMemLowThreshold = 18271430 mLowMemFlag = false checkCache = true
I/DeviceStorageMonitorService(  939): Posting Message again
D/ConnectivityServiceExt(  939): ConnectivityChange for BLUETOOTH_TETHER: DISCONNECTED/DISCONNECTED
D/ConnectivityServiceExt(  939): getMobileDataEnabled returning true
D/ConnectivityServiceExt(  939): getDefaultMobileDataEnabled returning true
W/InputManagerService(  939): Window already focused, ignoring focus gain of: com.android.internal.view.IInputMethodClient$Stub$Proxy@40577d58
I/DeviceStorageMonitorService(  939): restatDataDir mDataFileStats.getAvailableBlocks():34595, mDataFileStats.getBlockSize():4096
V/DeviceStorageMonitorService(  939): freeMemory=141701120 mMemLowThreshold = 18271430 mLowMemFlag = false checkCache = true
I/DeviceStorageMonitorService(  939): Posting Message again
I/ActivityManager(  939): Starting: Intent { cmp=com.android.settings/.bluetooth.ConnectSpecificProfilesActivity (has extras) } from pid 1349
D/BluetoothHFService( 1090): bt_call profilesetting is 0, bluetooth is enable=true, bail
E/LocalBluetoothProfileManager( 1349): in func getConnectionStatus
E/BluetoothPan( 1349): getConnectionState(E8:8D:28:E0:AC:51)
E/LocalBluetoothProfileManager( 1349): in func converState2
E/LocalBluetoothProfileManager( 1349): in func getConnectionStatus
E/BluetoothPan( 1349): getConnectionState(E8:8D:28:E0:AC:51)
E/LocalBluetoothProfileManager( 1349): in func converState2
D/BluetoothHFService( 1090): bt_call profilesetting is 0, bluetooth is enable=true, bail
E/LocalBluetoothProfileManager( 1349): in func getConnectionStatus
E/BluetoothPan( 1349): getConnectionState(E8:8D:28:E0:AC:51)
E/LocalBluetoothProfileManager( 1349): in func converState2
E/LocalBluetoothProfileManager( 1349): in func isPreferred
D/BluetoothHFService( 1090): bt_call profilesetting is 0, bluetooth is enable=true, bail
E/LocalBluetoothProfileManager( 1349): in func getConnectionStatus
E/BluetoothPan( 1349): getConnectionState(E8:8D:28:E0:AC:51)
E/LocalBluetoothProfileManager( 1349): in func converState2
D/BluetoothHFService( 1090): bt_call profilesetting is 0, bluetooth is enable=true, bail
E/LocalBluetoothProfileManager( 1349): in func getConnectionStatus
E/BluetoothPan( 1349): getConnectionState(E8:8D:28:E0:AC:51)
E/LocalBluetoothProfileManager( 1349): in func converState2
E/LocalBluetoothProfileManager( 1349): in func getConnectionStatus
E/BluetoothPan( 1349): getConnectionState(E8:8D:28:E0:AC:51)
E/LocalBluetoothProfileManager( 1349): in func converState2
E/LocalBluetoothProfileManager( 1349): in func getConnectionStatus
E/BluetoothPan( 1349): getConnectionState(E8:8D:28:E0:AC:51)
E/LocalBluetoothProfileManager( 1349): in func converState2
D/BluetoothHFService( 1090): bt_call profilesetting is 0, bluetooth is enable=true, bail
E/LocalBluetoothProfileManager( 1349): in func getConnectionStatus
E/BluetoothPan( 1349): getConnectionState(E8:8D:28:E0:AC:51)
E/LocalBluetoothProfileManager( 1349): in func converState2
E/LocalBluetoothProfileManager( 1349): in func getConnectionStatus
E/BluetoothPan( 1349): getConnectionState(E8:8D:28:E0:AC:51)
E/LocalBluetoothProfileManager( 1349): in func converState2
D/BluetoothHFService( 1090): bt_call profilesetting is 0, bluetooth is enable=true, bail
E/LocalBluetoothProfileManager( 1349): in func getConnectionStatus
E/BluetoothPan( 1349): getConnectionState(E8:8D:28:E0:AC:51)
E/LocalBluetoothProfileManager( 1349): in func converState2
E/LocalBluetoothProfileManager( 1349): in func getConnectionStatus
E/BluetoothPan( 1349): getConnectionState(E8:8D:28:E0:AC:51)
E/LocalBluetoothProfileManager( 1349): in func converState2
E/LocalBluetoothProfileManager( 1349): in func isPreferred
I/ActivityManager(  939): Displayed com.android.settings/.bluetooth.ConnectSpecificProfilesActivity: +552ms
I/IdleWidgetProvider( 1219): updateIcon slot=battery index=7 viewIndex=5 old=StatusBarIcon(pkg=com.android.systemui id=0x10802fe level=52 visible=true num=0 ) icon=StatusBarIcon(pkg=com.android.systemui id=0x10802fe level=52 visible=true num=0 )
D/SntpClient( 1349): request time failed: java.net.SocketTimeoutException: Try again
E/UpdateTimeReceiver( 1349): Sntp NtpTime = 1409302856045 realTime1409302856045
D/SystemClock( 1349): Setting time of day to sec=1409302856
D/dalvikvm(  939): GC_CONCURRENT freed 392K, 53% free 4325K/9095K, external 304K/809K, paused 10ms+15ms
D/dalvikvm( 1219): GC_EXPLICIT freed 353K, 51% free 2745K/5575K, external 270K/515K, paused 191ms
D/StorageMonitor( 1090): mms freeMem:127021056, smslowflag:false,mmslowflag:false,smsThrehold:10240,mmsThreshold:317440
D/dalvikvm( 1231): GC_EXPLICIT freed 370K, 51% free 2737K/5575K, external 261K/515K, paused 91ms
D/AlarmManagerService(  939): type :1
D/AlarmManagerService(  939): needSetRtc :false
I/dalvikvm(  939): Jit: resizing JitTable from 1024 to 2048
I/DeviceStorageMonitorService(  939): restatDataDir mDataFileStats.getAvailableBlocks():34595, mDataFileStats.getBlockSize():4096
V/DeviceStorageMonitorService(  939): freeMemory=141701120 mMemLowThreshold = 18271430 mLowMemFlag = false checkCache = true
I/DeviceStorageMonitorService(  939): Posting Message again
D/dalvikvm(  939): GC_CONCURRENT freed 393K, 53% free 4319K/9095K, external 304K/809K, paused 10ms+15ms
D/StorageMonitor( 1090): mms freeMem:127021056, smslowflag:false,mmslowflag:false,smsThrehold:10240,mmsThreshold:317440
D/AlarmManagerService(  939): type :1
D/AlarmManagerService(  939): needSetRtc :false
I/DeviceStorageMonitorService(  939): restatDataDir mDataFileStats.getAvailableBlocks():34595, mDataFileStats.getBlockSize():4096
V/DeviceStorageMonitorService(  939): freeMemory=141701120 mMemLowThreshold = 18271430 mLowMemFlag = false checkCache = true
I/DeviceStorageMonitorService(  939): Posting Message again
D/dalvikvm(  939): GC_CONCURRENT freed 387K, 53% free 4318K/9095K, external 304K/809K, paused 10ms+14ms
D/StorageMonitor( 1090): mms freeMem:127021056, smslowflag:false,mmslowflag:false,smsThrehold:10240,mmsThreshold:317440
D/AlarmManagerService(  939): type :1
D/AlarmManagerService(  939): needSetRtc :false
I/DeviceStorageMonitorService(  939): restatDataDir mDataFileStats.getAvailableBlocks():34595, mDataFileStats.getBlockSize():4096
V/DeviceStorageMonitorService(  939): freeMemory=141701120 mMemLowThreshold = 18271430 mLowMemFlag = false checkCache = true
I/DeviceStorageMonitorService(  939): Posting Message again
D/dalvikvm(  939): GC_CONCURRENT freed 384K, 53% free 4318K/9095K, external 304K/809K, paused 10ms+15ms
D/BtCallHandler( 1090): getBtCallState is IDLE
D/BtCallHandler( 1090): getBtCallState is IDLE
I/power   (  939): *** set_screen_state 1
D/SurfaceFlinger(  939): Screen about to return, flinger = 0x15f978
I/IdleWidgetProvider( 1219): updateIcon slot=battery index=7 viewIndex=5 old=StatusBarIcon(pkg=com.android.systemui id=0x10802fe level=56 visible=true num=0 ) icon=StatusBarIcon(pkg=com.android.systemui id=0x10802fe level=61 visible=true num=0 )
W/KeyCharacterMap( 1349): No keyboard for id 0
W/KeyCharacterMap( 1349): Using default keymap: /system/usr/keychars/qwerty.kcm.bin
I/BluetoothSettings( 1349): onDeviceAdded
I/BluetoothSettings( 1349): ready add createDevicePreference
E/LocalBluetoothProfileManager( 1349): in func getConnectionStatus
E/BluetoothPan( 1349): getConnectionState(E8:8D:28:E0:AC:51)
E/LocalBluetoothProfileManager( 1349): in func converState0
E/LocalBluetoothProfileManager( 1349): in func getConnectionStatus
E/BluetoothPan( 1349): getConnectionState(E8:8D:28:E0:AC:51)
E/LocalBluetoothProfileManager( 1349): in func converState0
D/BluetoothHFService( 1090): bt_call profilesetting is 0, bluetooth is enable=true, bail
E/LocalBluetoothProfileManager( 1349): in func getConnectionStatus
E/BluetoothPan( 1349): getConnectionState(E8:8D:28:E0:AC:51)
E/LocalBluetoothProfileManager( 1349): in func converState0
D/BluetoothHFService( 1090): bt_call profilesetting is 0, bluetooth is enable=true, bail
E/LocalBluetoothProfileManager( 1349): in func getConnectionStatus
E/BluetoothPan( 1349): getConnectionState(E8:8D:28:E0:AC:51)
E/LocalBluetoothProfileManager( 1349): in func converState0
I/BluetoothSettings( 1349): onDeviceAdded
I/BluetoothSettings( 1349): ready add createDevicePreference
D/BluetoothHFService( 1090): bt_call profilesetting is 0, bluetooth is enable=true, bail
E/LocalBluetoothProfileManager( 1349): in func getConnectionStatus
E/BluetoothPan( 1349): getConnectionState(E8:8D:28:E0:AC:51)
E/LocalBluetoothProfileManager( 1349): in func converState0
I/BluetoothSettings( 1349): onDeviceAdded
I/BluetoothSettings( 1349): ready add createDevicePreference
D/BluetoothHFService( 1090): bt_call profilesetting is 0, bluetooth is enable=true, bail
E/LocalBluetoothProfileManager( 1349): in func getConnectionStatus
E/BluetoothPan( 1349): getConnectionState(E8:8D:28:E0:AC:51)
E/LocalBluetoothProfileManager( 1349): in func converState0
I/IdleWidgetApp( 1219): onReceive android.intent.action.SCREEN_ON
D/IdleWidgetApp( 1219): EVENT_TIME_TICK now= 5:31
I/BluetoothSettings( 1349): onDeviceAdded
I/BluetoothSettings( 1349): ready add createDevicePreference
D/BluetoothHFService( 1090): bt_call profilesetting is 0, bluetooth is enable=true, bail
E/LocalBluetoothProfileManager( 1349): in func getConnectionStatus
E/BluetoothPan( 1349): getConnectionState(E8:8D:28:E0:AC:51)
E/LocalBluetoothProfileManager( 1349): in func converState0
D/BluetoothHFService( 1090): bt_call profilesetting is 0, bluetooth is enable=true, bail
E/LocalBluetoothProfileManager( 1349): in func getConnectionStatus
E/BluetoothPan( 1349): getConnectionState(E8:8D:28:E0:AC:51)
E/LocalBluetoothProfileManager( 1349): in func converState0
I/IdleWidgetProvider( 1219): onReceive intent=Intent { act=android.intent.action.SCREEN_ON cmp=com.lonshine.idlewidget/.IdleWidgetProvider }
D/IdleWidgetApp( 1219): EVENT_TIME_TICK now= 5:32
I/IdleWidgetProvider( 1219): updateIcon slot=battery index=7 viewIndex=5 old=StatusBarIcon(pkg=com.android.systemui id=0x10802fe level=61 visible=true num=0 ) icon=StatusBarIcon(pkg=com.android.systemui id=0x10802fe level=61 visible=true num=0 )
W/Vold    (  667): Ignoring unknown switch 'usb_connected'
D/Vold    (  667): USB disconnected
D/Vold    (  667): Share method ums now unavailable
I/StorageNotification( 1094): UMS connection changed to false (media state nofs)
I/IdleWidgetProvider( 1219): removeNotification key=android.os.BinderProxy@40539be0
W/ProcessStats(  939): Skipping unknown process pid 1807
D/StorageMonitor( 1090): mms freeMem:127021056, smslowflag:false,mmslowflag:false,smsThrehold:10240,mmsThreshold:317440
D/PowerManagerService(  939): BatteryReceiver 
D/PowerManagerService(  939): isFakePowerMode=false
I/IdleWidgetProvider( 1219): updateIcon slot=battery index=7 viewIndex=5 old=StatusBarIcon(pkg=com.android.systemui id=0x10802fe level=61 visible=true num=0 ) icon=StatusBarIcon(pkg=com.android.systemui id=0x10802ee level=61 visible=true num=0 )
I/IdleWidgetProvider( 1219): convertDrawable2BitmapByCanvas enter
I/IdleWidgetProvider( 1219): Bitmap.Config c = ARGB_8888
I/IdleWidgetProvider( 1219): convertDrawable2BitmapByCanvas leave. 
D/TimeView( 1174): update start
D/TimeView( 1174): update start
D/TimeView( 1174): update start
D/TimeView( 1174): update start
W/Vold    (  667): Ignoring unknown switch 'usb_connected'
D/Vold    (  667): USB connected
D/Vold    (  667): Share method ums now available
I/StorageNotification( 1094): UMS connection changed to true (media state nofs)
I/IdleWidgetProvider( 1219): addNotification notification=StatusBarNotification(package=com.android.systemui id=17302277 tag=null notification=Notification(vibrate=null,sound=null,defaults=0x0,flags=0x2))
I/IdleWidgetProvider( 1219): updateNotification notification=StatusBarNotification(package=com.android.systemui id=17302277 tag=null notification=Notification(vibrate=null,sound=null,defaults=0x0,flags=0x2)) key=android.os.BinderProxy@4053b0d8
D/PowerManagerService(  939): BatteryReceiver 
D/PowerManagerService(  939): isFakePowerMode=false
I/IdleWidgetProvider( 1219): updateIcon slot=battery index=7 viewIndex=5 old=StatusBarIcon(pkg=com.android.systemui id=0x10802ee level=61 visible=true num=0 ) icon=StatusBarIcon(pkg=com.android.systemui id=0x10802fe level=61 visible=true num=0 )
I/IdleWidgetProvider( 1219): convertDrawable2BitmapByCanvas enter
I/IdleWidgetProvider( 1219): Bitmap.Config c = ARGB_8888
I/IdleWidgetProvider( 1219): convertDrawable2BitmapByCanvas leave. 
D/TimeView( 1174): update start
D/TimeView( 1174): update start
D/TimeView( 1174): update start
D/TimeView( 1174): update start
I/IdleWidgetProvider( 1219): updateIcon slot=phone_signal index=5 viewIndex=4 old=StatusBarIcon(pkg=com.android.systemui id=0x7f020068 level=0 visible=true num=0 ) icon=StatusBarIcon(pkg=com.android.systemui id=0x7f020068 level=0 visible=true num=0 )
D/dalvikvm( 1219): GC_EXPLICIT freed 45K, 51% free 2738K/5575K, external 270K/515K, paused 116ms
D/AndroidRuntime( 1838): 
D/AndroidRuntime( 1838): >>>>>> AndroidRuntime START com.android.internal.os.RuntimeInit <<<<<<
D/AndroidRuntime( 1838): CheckJNI is ON
I/IdleWidgetProvider( 1219): updateIcon slot=battery index=7 viewIndex=5 old=StatusBarIcon(pkg=com.android.systemui id=0x10802fe level=61 visible=true num=0 ) icon=StatusBarIcon(pkg=com.android.systemui id=0x10802fe level=61 visible=true num=0 )
D/AndroidRuntime( 1838): Calling main entry com.android.commands.am.Am
D/AndroidRuntime( 1838): Shutting down VM
I/AndroidRuntime( 1838): NOTE: attach of thread 'Binder Thread #3' failed
D/dalvikvm( 1838): GC_CONCURRENT freed 101K, 69% free 324K/1024K, external 0K/0K, paused 1ms+2ms
D/jdwp    ( 1838): adbd disconnected
I/IdleWidgetProvider( 1219): updateIcon slot=battery index=7 viewIndex=5 old=StatusBarIcon(pkg=com.android.systemui id=0x10802fe level=61 visible=true num=0 ) icon=StatusBarIcon(pkg=com.android.systemui id=0x10802fe level=61 visible=true num=0 )
I/IdleWidgetProvider( 1219): updateIcon slot=phone_signal index=5 viewIndex=4 old=StatusBarIcon(pkg=com.android.systemui id=0x7f020068 level=0 visible=true num=0 ) icon=StatusBarIcon(pkg=com.android.systemui id=0x7f020068 level=0 visible=true num=0 )
D/AlarmManagerService(  939): type :1
D/AlarmManagerService(  939): needSetRtc :false
D/dalvikvm(  939): GC_CONCURRENT freed 377K, 53% free 4327K/9095K, external 319K/809K, paused 11ms+14ms
I/IdleWidgetProvider( 1219): updateIcon slot=phone_signal index=5 viewIndex=4 old=StatusBarIcon(pkg=com.android.systemui id=0x7f020068 level=0 visible=true num=0 ) icon=StatusBarIcon(pkg=com.android.systemui id=0x7f020068 level=0 visible=true num=0 )
I/IdleWidgetProvider( 1219): updateIcon slot=battery index=7 viewIndex=5 old=StatusBarIcon(pkg=com.android.systemui id=0x10802fe level=61 visible=true num=0 ) icon=StatusBarIcon(pkg=com.android.systemui id=0x10802fe level=61 visible=true num=0 )
W/ProcessStats(  939): Skipping unknown process pid 1872
I/IdleWidgetProvider( 1219): updateIcon slot=phone_signal index=5 viewIndex=4 old=StatusBarIcon(pkg=com.android.systemui id=0x7f020068 level=0 visible=true num=0 ) icon=StatusBarIcon(pkg=com.android.systemui id=0x7f020068 level=0 visible=true num=0 )
I/IdleWidgetProvider( 1219): updateIcon slot=battery index=7 viewIndex=5 old=StatusBarIcon(pkg=com.android.systemui id=0x10802fe level=61 visible=true num=0 ) icon=StatusBarIcon(pkg=com.android.systemui id=0x10802fe level=62 visible=true num=0 )
I/IdleWidgetProvider( 1219): updateIcon slot=phone_signal index=5 viewIndex=4 old=StatusBarIcon(pkg=com.android.systemui id=0x7f020068 level=0 visible=true num=0 ) icon=StatusBarIcon(pkg=com.android.systemui id=0x7f020068 level=0 visible=true num=0 )
I/IdleWidgetProvider( 1219): updateIcon slot=phone_signal index=5 viewIndex=4 old=StatusBarIcon(pkg=com.android.systemui id=0x7f020068 level=0 visible=true num=0 ) icon=StatusBarIcon(pkg=com.android.systemui id=0x7f020068 level=0 visible=true num=0 )
I/IdleWidgetProvider( 1219): updateIcon slot=battery index=7 viewIndex=5 old=StatusBarIcon(pkg=com.android.systemui id=0x10802fe level=62 visible=true num=0 ) icon=StatusBarIcon(pkg=com.android.systemui id=0x10802fe level=62 visible=true num=0 )
I/IdleWidgetProvider( 1219): updateIcon slot=phone_signal index=5 viewIndex=4 old=StatusBarIcon(pkg=com.android.systemui id=0x7f020068 level=0 visible=true num=0 ) icon=StatusBarIcon(pkg=com.android.systemui id=0x7f020068 level=0 visible=true num=0 )
I/IdleWidgetProvider( 1219): updateIcon slot=battery index=7 viewIndex=5 old=StatusBarIcon(pkg=com.android.systemui id=0x10802fe level=62 visible=true num=0 ) icon=StatusBarIcon(pkg=com.android.systemui id=0x10802fe level=62 visible=true num=0 )
I/DeviceStorageMonitorService(  939): restatDataDir mDataFileStats.getAvailableBlocks():34593, mDataFileStats.getBlockSize():4096
V/DeviceStorageMonitorService(  939): freeMemory=141692928 mMemLowThreshold = 18271430 mLowMemFlag = false checkCache = true
I/DeviceStorageMonitorService(  939): Posting Message again
I/IdleWidgetProvider( 1219): updateIcon slot=battery index=7 viewIndex=5 old=StatusBarIcon(pkg=com.android.systemui id=0x10802fe level=62 visible=true num=0 ) icon=StatusBarIcon(pkg=com.android.systemui id=0x10802fe level=62 visible=true num=0 )
D/dalvikvm( 1231): GC_EXPLICIT freed 1K, 51% free 2736K/5575K, external 261K/515K, paused 93ms
I/IdleWidgetProvider( 1219): updateIcon slot=phone_signal index=5 viewIndex=4 old=StatusBarIcon(pkg=com.android.systemui id=0x7f020068 level=0 visible=true num=0 ) icon=StatusBarIcon(pkg=com.android.systemui id=0x7f020068 level=0 visible=true num=0 )
I/IdleWidgetProvider( 1219): updateIcon slot=battery index=7 viewIndex=5 old=StatusBarIcon(pkg=com.android.systemui id=0x10802fe level=62 visible=true num=0 ) icon=StatusBarIcon(pkg=com.android.systemui id=0x10802fe level=62 visible=true num=0 )
I/IdleWidgetProvider( 1219): updateIcon slot=battery index=7 viewIndex=5 old=StatusBarIcon(pkg=com.android.systemui id=0x10802fe level=62 visible=true num=0 ) icon=StatusBarIcon(pkg=com.android.systemui id=0x10802fe level=62 visible=true num=0 )
D/StorageMonitor( 1090): mms freeMem:127012864, smslowflag:false,mmslowflag:false,smsThrehold:10240,mmsThreshold:317440
I/IdleWidgetProvider( 1219): updateIcon slot=phone_signal index=5 viewIndex=4 old=StatusBarIcon(pkg=com.android.systemui id=0x7f020068 level=0 visible=true num=0 ) icon=StatusBarIcon(pkg=com.android.systemui id=0x7f020068 level=0 visible=true num=0 )
I/power   (  939): *** set_screen_state 0
D/SurfaceFlinger(  939): About to give-up screen, flinger = 0x15f978
D/AlarmManagerService(  939): type :2
D/AlarmManagerService(  939): needSetRtc :false
I/IdleWidgetApp( 1219): onReceive android.intent.action.SCREEN_OFF
I/IdleWidgetProvider( 1219): onReceive intent=Intent { act=android.intent.action.SCREEN_OFF cmp=com.lonshine.idlewidget/.IdleWidgetProvider }
D/AlarmManagerService(  939): type :1
D/AlarmManagerService(  939): needSetRtc :false
D/dalvikvm(  939): GC_CONCURRENT freed 382K, 53% free 4333K/9095K, external 305K/809K, paused 10ms+14ms
I/DeviceStorageMonitorService(  939): restatDataDir mDataFileStats.getAvailableBlocks():34593, mDataFileStats.getBlockSize():4096
V/DeviceStorageMonitorService(  939): freeMemory=141692928 mMemLowThreshold = 18271430 mLowMemFlag = false checkCache = true
I/DeviceStorageMonitorService(  939): Posting Message again
D/StorageMonitor( 1090): mms freeMem:127012864, smslowflag:false,mmslowflag:false,smsThrehold:10240,mmsThreshold:317440
D/AlarmManagerService(  939): type :1
D/AlarmManagerService(  939): needSetRtc :false
D/dalvikvm(  939): GC_CONCURRENT freed 388K, 53% free 4331K/9095K, external 305K/809K, paused 11ms+14ms
I/DeviceStorageMonitorService(  939): restatDataDir mDataFileStats.getAvailableBlocks():34593, mDataFileStats.getBlockSize():4096
V/DeviceStorageMonitorService(  939): freeMemory=141692928 mMemLowThreshold = 18271430 mLowMemFlag = false checkCache = true
I/DeviceStorageMonitorService(  939): Posting Message again
D/StorageMonitor( 1090): mms freeMem:127012864, smslowflag:false,mmslowflag:false,smsThrehold:10240,mmsThreshold:317440
D/AlarmManagerService(  939): type :1
D/AlarmManagerService(  939): needSetRtc :false
D/dalvikvm(  939): GC_CONCURRENT freed 387K, 53% free 4330K/9095K, external 305K/809K, paused 10ms+14ms
D/BtCallHandler( 1090): getBtCallState is IDLE
D/BtCallHandler( 1090): getBtCallState is IDLE
I/power   (  939): *** set_screen_state 1
D/SurfaceFlinger(  939): Screen about to return, flinger = 0x15f978
I/IdleWidgetProvider( 1219): updateIcon slot=battery index=7 viewIndex=5 old=StatusBarIcon(pkg=com.android.systemui id=0x10802fe level=62 visible=true num=0 ) icon=StatusBarIcon(pkg=com.android.systemui id=0x10802fe level=64 visible=true num=0 )
I/InputDispatcher(  939): Dropped event because input dispatch is disabled.
I/BluetoothSettings( 1349): onDeviceAdded
I/BluetoothSettings( 1349): ready add createDevicePreference
E/LocalBluetoothProfileManager( 1349): in func getConnectionStatus
E/BluetoothPan( 1349): getConnectionState(E8:8D:28:E0:AC:51)
E/LocalBluetoothProfileManager( 1349): in func converState0
E/LocalBluetoothProfileManager( 1349): in func getConnectionStatus
E/BluetoothPan( 1349): getConnectionState(E8:8D:28:E0:AC:51)
E/LocalBluetoothProfileManager( 1349): in func converState0
D/BluetoothHFService( 1090): bt_call profilesetting is 0, bluetooth is enable=true, bail
E/LocalBluetoothProfileManager( 1349): in func getConnectionStatus
E/BluetoothPan( 1349): getConnectionState(E8:8D:28:E0:AC:51)
E/LocalBluetoothProfileManager( 1349): in func converState0
D/BluetoothHFService( 1090): bt_call profilesetting is 0, bluetooth is enable=true, bail
E/LocalBluetoothProfileManager( 1349): in func getConnectionStatus
E/BluetoothPan( 1349): getConnectionState(E8:8D:28:E0:AC:51)
E/LocalBluetoothProfileManager( 1349): in func converState0
I/BluetoothSettings( 1349): onDeviceAdded
I/BluetoothSettings( 1349): ready add createDevicePreference
D/BluetoothHFService( 1090): bt_call profilesetting is 0, bluetooth is enable=true, bail
E/LocalBluetoothProfileManager( 1349): in func getConnectionStatus
E/BluetoothPan( 1349): getConnectionState(E8:8D:28:E0:AC:51)
E/LocalBluetoothProfileManager( 1349): in func converState0
I/BluetoothSettings( 1349): onDeviceAdded
I/BluetoothSettings( 1349): ready add createDevicePreference
D/BluetoothHFService( 1090): bt_call profilesetting is 0, bluetooth is enable=true, bail
E/LocalBluetoothProfileManager( 1349): in func getConnectionStatus
E/BluetoothPan( 1349): getConnectionState(E8:8D:28:E0:AC:51)
E/LocalBluetoothProfileManager( 1349): in func converState0
I/BluetoothSettings( 1349): onDeviceAdded
I/IdleWidgetApp( 1219): onReceive android.intent.action.SCREEN_ON
D/IdleWidgetApp( 1219): EVENT_TIME_TICK now= 9:9
I/BluetoothSettings( 1349): ready add createDevicePreference
D/BluetoothHFService( 1090): bt_call profilesetting is 0, bluetooth is enable=true, bail
E/LocalBluetoothProfileManager( 1349): in func getConnectionStatus
E/BluetoothPan( 1349): getConnectionState(E8:8D:28:E0:AC:51)
E/LocalBluetoothProfileManager( 1349): in func converState0
I/IdleWidgetProvider( 1219): onReceive intent=Intent { act=android.intent.action.SCREEN_ON cmp=com.lonshine.idlewidget/.IdleWidgetProvider }
D/IdleWidgetApp( 1219): EVENT_TIME_TICK now= 9:9
I//system/bin/bluetoothd( 1435): bluetoothd[1436]: Discovery session 0x17730 with :1.0 activated
D/BluetoothHFService( 1090): bt_call profilesetting is 0, bluetooth is enable=true, bail
E/LocalBluetoothProfileManager( 1349): in func getConnectionStatus
E/BluetoothPan( 1349): getConnectionState(E8:8D:28:E0:AC:51)
E/LocalBluetoothProfileManager( 1349): in func converState0
E/BluetoothEventLoop.cpp(  939): event_filter: Received signal org.bluez.Adapter:PropertyChanged from /org/bluez/1436/hci0
I/IdleWidgetProvider( 1219): updateIcon slot=battery index=7 viewIndex=5 old=StatusBarIcon(pkg=com.android.systemui id=0x10802fe level=64 visible=true num=0 ) icon=StatusBarIcon(pkg=com.android.systemui id=0x10802fe level=64 visible=true num=0 )
I/IdleWidgetProvider( 1219): updateIcon slot=phone_signal index=5 viewIndex=4 old=StatusBarIcon(pkg=com.android.systemui id=0x7f020068 level=0 visible=true num=0 ) icon=StatusBarIcon(pkg=com.android.systemui id=0x7f020068 level=0 visible=true num=0 )
V/BluetoothEventRedirector( 1349): Received android.bluetooth.adapter.action.DISCOVERY_STARTED
E/LocalBluetoothProfileManager( 1349): in func getConnectionStatus
E/BluetoothPan( 1349): getConnectionState(E8:8D:28:E0:AC:51)
E/LocalBluetoothProfileManager( 1349): in func converState0
E/LocalBluetoothProfileManager( 1349): in func getConnectionStatus
E/BluetoothPan( 1349): getConnectionState(E8:8D:28:E0:AC:51)
E/LocalBluetoothProfileManager( 1349): in func converState0
D/BluetoothHFService( 1090): bt_call profilesetting is 0, bluetooth is enable=true, bail
E/LocalBluetoothProfileManager( 1349): in func getConnectionStatus
E/BluetoothPan( 1349): getConnectionState(E8:8D:28:E0:AC:51)
E/LocalBluetoothProfileManager( 1349): in func converState0
D/BluetoothHFService( 1090): bt_call profilesetting is 0, bluetooth is enable=true, bail
E/LocalBluetoothProfileManager( 1349): in func getConnectionStatus
E/BluetoothPan( 1349): getConnectionState(E8:8D:28:E0:AC:51)
E/LocalBluetoothProfileManager( 1349): in func converState0
E/BluetoothEventLoop.cpp(  939): event_filter: Received signal org.bluez.Adapter:DeviceFound from /org/bluez/1436/hci0
D/BluetoothService(  939): updateDeviceServiceChannelCache(E8:8D:28:E0:AC:51)
V/BluetoothEventRedirector( 1349): Received android.bluetooth.device.action.FOUND
E/LocalBluetoothProfileManager( 1349): in func getConnectionStatus
E/BluetoothPan( 1349): getConnectionState(E8:8D:28:E0:AC:51)
E/LocalBluetoothProfileManager( 1349): in func converState0
E/LocalBluetoothProfileManager( 1349): in func getConnectionStatus
E/BluetoothPan( 1349): getConnectionState(E8:8D:28:E0:AC:51)
E/LocalBluetoothProfileManager( 1349): in func converState0
D/BluetoothHFService( 1090): bt_call profilesetting is 0, bluetooth is enable=true, bail
E/LocalBluetoothProfileManager( 1349): in func getConnectionStatus
E/BluetoothPan( 1349): getConnectionState(E8:8D:28:E0:AC:51)
E/LocalBluetoothProfileManager( 1349): in func converState0
D/BluetoothHFService( 1090): bt_call profilesetting is 0, bluetooth is enable=true, bail
E/LocalBluetoothProfileManager( 1349): in func getConnectionStatus
E/BluetoothPan( 1349): getConnectionState(E8:8D:28:E0:AC:51)
E/LocalBluetoothProfileManager( 1349): in func converState0
E/LocalBluetoothProfileManager( 1349): in func getConnectionStatus
E/BluetoothPan( 1349): getConnectionState(E8:8D:28:E0:AC:51)
E/LocalBluetoothProfileManager( 1349): in func converState0
E/LocalBluetoothProfileManager( 1349): in func getConnectionStatus
E/BluetoothPan( 1349): getConnectionState(E8:8D:28:E0:AC:51)
E/LocalBluetoothProfileManager( 1349): in func converState0
D/BluetoothHFService( 1090): bt_call profilesetting is 0, bluetooth is enable=true, bail
E/LocalBluetoothProfileManager( 1349): in func getConnectionStatus
E/BluetoothPan( 1349): getConnectionState(E8:8D:28:E0:AC:51)
E/LocalBluetoothProfileManager( 1349): in func converState0
D/BluetoothHFService( 1090): bt_call profilesetting is 0, bluetooth is enable=true, bail
E/LocalBluetoothProfileManager( 1349): in func getConnectionStatus
E/BluetoothPan( 1349): getConnectionState(E8:8D:28:E0:AC:51)
E/LocalBluetoothProfileManager( 1349): in func converState0
E/LocalBluetoothProfileManager( 1349): in func getConnectionStatus
E/BluetoothPan( 1349): getConnectionState(E8:8D:28:E0:AC:51)
E/LocalBluetoothProfileManager( 1349): in func converState0
E/LocalBluetoothProfileManager( 1349): in func getConnectionStatus
E/BluetoothPan( 1349): getConnectionState(E8:8D:28:E0:AC:51)
E/LocalBluetoothProfileManager( 1349): in func converState0
D/BluetoothHFService( 1090): bt_call profilesetting is 0, bluetooth is enable=true, bail
E/LocalBluetoothProfileManager( 1349): in func getConnectionStatus
E/BluetoothPan( 1349): getConnectionState(E8:8D:28:E0:AC:51)
E/LocalBluetoothProfileManager( 1349): in func converState0
D/BluetoothHFService( 1090): bt_call profilesetting is 0, bluetooth is enable=true, bail
E/LocalBluetoothProfileManager( 1349): in func getConnectionStatus
E/BluetoothPan( 1349): getConnectionState(E8:8D:28:E0:AC:51)
E/LocalBluetoothProfileManager( 1349): in func converState0
I/IdleWidgetProvider( 1219): updateIcon slot=phone_signal index=5 viewIndex=4 old=StatusBarIcon(pkg=com.android.systemui id=0x7f020068 level=0 visible=true num=0 ) icon=StatusBarIcon(pkg=com.android.systemui id=0x7f020068 level=0 visible=true num=0 )
E/BluetoothEventLoop.cpp(  939): event_filter: Received signal org.bluez.Adapter:DeviceFound from /org/bluez/1436/hci0
D/BluetoothService(  939): updateDeviceServiceChannelCache(A4:DB:30:5C:D3:47)
V/BluetoothEventRedirector( 1349): Received android.bluetooth.device.action.FOUND
I/BluetoothSettings( 1349): onDeviceAdded
I/BluetoothSettings( 1349): ready add createDevicePreference
D/BluetoothHFService( 1090): bt_call profilesetting is 0, bluetooth is enable=true, bail
E/LocalBluetoothProfileManager( 1349): in func getConnectionStatus
E/BluetoothPan( 1349): getConnectionState(E8:8D:28:E0:AC:51)
E/LocalBluetoothProfileManager( 1349): in func converState0
D/BluetoothHFService( 1090): bt_call profilesetting is 0, bluetooth is enable=true, bail
E/LocalBluetoothProfileManager( 1349): in func getConnectionStatus
E/BluetoothPan( 1349): getConnectionState(E8:8D:28:E0:AC:51)
E/LocalBluetoothProfileManager( 1349): in func converState0
E/BluetoothEventLoop.cpp(  939): event_filter: Received signal org.bluez.Adapter:DeviceFound from /org/bluez/1436/hci0
D/BluetoothService(  939): updateDeviceServiceChannelCache(F8:A4:5F:87:C3:EE)
V/BluetoothEventRedirector( 1349): Received android.bluetooth.device.action.FOUND
I/BluetoothSettings( 1349): onDeviceAdded
I/BluetoothSettings( 1349): ready add createDevicePreference
D/BluetoothHFService( 1090): bt_call profilesetting is 0, bluetooth is enable=true, bail
E/LocalBluetoothProfileManager( 1349): in func getConnectionStatus
E/BluetoothPan( 1349): getConnectionState(E8:8D:28:E0:AC:51)
E/LocalBluetoothProfileManager( 1349): in func converState0
D/BluetoothHFService( 1090): bt_call profilesetting is 0, bluetooth is enable=true, bail
E/LocalBluetoothProfileManager( 1349): in func getConnectionStatus
E/BluetoothPan( 1349): getConnectionState(E8:8D:28:E0:AC:51)
E/LocalBluetoothProfileManager( 1349): in func converState0
I/IdleWidgetProvider( 1219): updateIcon slot=phone_signal index=5 viewIndex=4 old=StatusBarIcon(pkg=com.android.systemui id=0x7f020068 level=0 visible=true num=0 ) icon=StatusBarIcon(pkg=com.android.systemui id=0x7f020068 level=0 visible=true num=0 )
I/IdleWidgetProvider( 1219): updateIcon slot=battery index=7 viewIndex=5 old=StatusBarIcon(pkg=com.android.systemui id=0x10802fe level=64 visible=true num=0 ) icon=StatusBarIcon(pkg=com.android.systemui id=0x10802fe level=64 visible=true num=0 )
I/IdleWidgetProvider( 1219): updateIcon slot=phone_signal index=5 viewIndex=4 old=StatusBarIcon(pkg=com.android.systemui id=0x7f020068 level=0 visible=true num=0 ) icon=StatusBarIcon(pkg=com.android.systemui id=0x7f020068 level=0 visible=true num=0 )
E/BluetoothEventLoop.cpp(  939): event_filter: Received signal org.bluez.Adapter:DeviceFound from /org/bluez/1436/hci0
D/BluetoothService(  939): updateDeviceServiceChannelCache(5C:DA:D4:00:CB:E7)
V/BluetoothEventRedirector( 1349): Received android.bluetooth.device.action.FOUND
I/BluetoothSettings( 1349): onDeviceAdded
I/BluetoothSettings( 1349): ready add createDevicePreference
D/BluetoothHFService( 1090): bt_call profilesetting is 0, bluetooth is enable=true, bail
E/LocalBluetoothProfileManager( 1349): in func getConnectionStatus
E/BluetoothPan( 1349): getConnectionState(E8:8D:28:E0:AC:51)
E/LocalBluetoothProfileManager( 1349): in func converState0
I/DeviceStorageMonitorService(  939): restatDataDir mDataFileStats.getAvailableBlocks():34593, mDataFileStats.getBlockSize():4096
V/DeviceStorageMonitorService(  939): freeMemory=141692928 mMemLowThreshold = 18271430 mLowMemFlag = false checkCache = true
I/DeviceStorageMonitorService(  939): Posting Message again
I/IdleWidgetProvider( 1219): updateIcon slot=battery index=7 viewIndex=5 old=StatusBarIcon(pkg=com.android.systemui id=0x10802fe level=64 visible=true num=0 ) icon=StatusBarIcon(pkg=com.android.systemui id=0x10802fe level=64 visible=true num=0 )
E/BluetoothEventLoop.cpp(  939): event_filter: Received signal org.bluez.Adapter:PropertyChanged from /org/bluez/1436/hci0
I//system/bin/bluetoothd( 1435): bluetoothd[1436]: Stopping discovery
V/BluetoothEventRedirector( 1349): Received android.bluetooth.adapter.action.DISCOVERY_FINISHED
D/dalvikvm( 1349): GC_CONCURRENT freed 502K, 49% free 3140K/6087K, external 409K/815K, paused 14ms+11ms
D/BluetoothHFService( 1090): bt_call profilesetting is 0, bluetooth is enable=true, bail
E/LocalBluetoothProfileManager( 1349): in func getConnectionStatus
E/BluetoothPan( 1349): getConnectionState(E8:8D:28:E0:AC:51)
E/LocalBluetoothProfileManager( 1349): in func converState0
D/BluetoothHFService( 1090): bt_call profilesetting is 0, bluetooth is enable=true, bail
E/LocalBluetoothProfileManager( 1349): in func getConnectionStatus
E/BluetoothPan( 1349): getConnectionState(E8:8D:28:E0:AC:51)
E/LocalBluetoothProfileManager( 1349): in func converState0
I/IdleWidgetProvider( 1219): updateIcon slot=phone_signal index=5 viewIndex=4 old=StatusBarIcon(pkg=com.android.systemui id=0x7f020068 level=0 visible=true num=0 ) icon=StatusBarIcon(pkg=com.android.systemui id=0x7f020068 level=0 visible=true num=0 )
E/LocalBluetoothProfileManager( 1349): in func isPreferred
E/LocalBluetoothProfileManager( 1349): in func getConnectedDevices
E/BluetoothPan( 1349): getConnectedDevice()
E/LocalBluetoothProfileManager( 1349): in func getConnectionStatus
E/BluetoothPan( 1349): getConnectionState(E8:8D:28:E0:AC:51)
E/LocalBluetoothProfileManager( 1349): in func converState0
E/BluetoothPan( 1349): getConnectedDevice()
E/LocalBluetoothProfileManager( 1349): in func connect
E/BluetoothPan( 1349): connect(E8:8D:28:E0:AC:51)
E/BluetoothPanService(  939): connect PAN(/org/bluez/1436/hci0/dev_E8_8D_28_E0_AC_51)
E/BluetoothPanService(  939): in func handlePanDeviceStateChang iface=null state=1 role=2
E/BluetoothPanService(  939): Pan Device state : device: E8:8D:28:E0:AC:51 State:0->1
E/BluetoothPanService.cpp(  939): in jboolean android::connectPanDeviceNative(JNIEnv*, _jobject*, _jstring*, _jstring*): c_path:/org/bluez/1436/hci0/dev_E8_8D_28_E0_AC_51, dest:nap
E/BluetoothPanService.cpp(  939): end of connectNative
E/BluetoothPanService(  939): connecting to PAN
D/CachedBluetoothDevice( 1349): Command sent successfully:CONNECT Address:E8:8D:28:E0:AC:51 Profile:PAN
D/CachedBluetoothDevice( 1349): Preferred profiles = 1
V/BluetoothEventRedirector( 1349): Received android.bluetooth.pan.action.STATE_CHANGED
I/BluetoothEventRedirector( 1349): android.bluetooth.pan.action.STATE_CHANGED: 0 => 1
D/CachedBluetoothDevice( 1349): onProfileStateChanged: profile PAN newProfileState 1
E/LocalBluetoothProfileManager( 1349): in func converState1
E/LocalBluetoothProfileManager( 1349): in func getConnectionStatus
E/BluetoothPan( 1349): getConnectionState(E8:8D:28:E0:AC:51)
E/LocalBluetoothProfileManager( 1349): in func converState1
E/LocalBluetoothProfileManager( 1349): in func getConnectionStatus
E/BluetoothPan( 1349): getConnectionState(E8:8D:28:E0:AC:51)
E/LocalBluetoothProfileManager( 1349): in func converState1
D/BluetoothHFService( 1090): bt_call profilesetting is 0, bluetooth is enable=true, bail
E/LocalBluetoothProfileManager( 1349): in func getConnectionStatus
E/BluetoothPan( 1349): getConnectionState(E8:8D:28:E0:AC:51)
E/LocalBluetoothProfileManager( 1349): in func converState1
D/BluetoothHFService( 1090): bt_call profilesetting is 0, bluetooth is enable=true, bail
E/LocalBluetoothProfileManager( 1349): in func getConnectionStatus
E/BluetoothPan( 1349): getConnectionState(E8:8D:28:E0:AC:51)
E/LocalBluetoothProfileManager( 1349): in func converState1
W/InputManagerService(  939): Window already focused, ignoring focus gain of: com.android.internal.view.IInputMethodClient$Stub$Proxy@4050d990
E/BluetoothEventLoop.cpp(  939): event_filter: Received signal org.bluez.Device:PropertyChanged from /org/bluez/1436/hci0/dev_E8_8D_28_E0_AC_51
I//system/bin/bluetoothd( 1435): bluetoothd[1436]: link_key_request (sba=00:03:19:00:00:00, dba=E8:8D:28:E0:AC:51)
D/Tethering(  939): bnep0 is not a tetherable iface, ignoring
E/BluetoothPanService.cpp(  939): onPanDeviceConnectionResult
E/BluetoothPanService.cpp(  939):  Pan Device Path = /org/bluez/1436/hci0/dev_E8_8D_28_E0_AC_51, result = 1004
D/BluetoothPanService(  939): onPanDeviceConnectionResult /org/bluez/1436/hci0/dev_E8_8D_28_E0_AC_51 1004
E/BluetoothEventLoop.cpp(  939): event_filter: Received signal org.bluez.Network:PropertyChanged from /org/bluez/1436/hci0/dev_E8_8D_28_E0_AC_51
E/BluetoothPanService.cpp(  939): pan_event_filter
E/BluetoothPanService.cpp(  939):  
E/BluetoothPanService.cpp(  939): org.bluez.Network PropertyChanged
E/BluetoothPanService(  939): onPanDevicePropertyChanged
D/BluetoothPanService(  939): Pan Device property changed: E8:8D:28:E0:AC:51  property: Connected value: true
D/BluetoothPanService(  939): Connected
E/BluetoothEventLoop.cpp(  939): event_filter: Received signal org.bluez.Network:PropertyChanged from /org/bluez/1436/hci0/dev_E8_8D_28_E0_AC_51
E/BluetoothPanService.cpp(  939): pan_event_filter
E/BluetoothPanService.cpp(  939):  
E/BluetoothPanService.cpp(  939): org.bluez.Network PropertyChanged
E/BluetoothPanService(  939): onPanDevicePropertyChanged
D/BluetoothPanService(  939): Pan Device property changed: E8:8D:28:E0:AC:51  property: Interface value: bnep0
D/BluetoothPanService(  939): interface
D/BluetoothPanService(  939): interface true
E/BluetoothPanService(  939): in func handlePanDeviceStateChang iface=bnep0 state=2 role=2
E/BluetoothTethering(  939): in startReverseTether
V/BluetoothEventRedirector( 1349): Received android.bluetooth.pan.action.STATE_CHANGED
I/BluetoothEventRedirector( 1349): android.bluetooth.pan.action.STATE_CHANGED: 1 => 2
D/CachedBluetoothDevice( 1349): onProfileStateChanged: profile PAN newProfileState 2
E/LocalBluetoothProfileManager( 1349): in func converState2
E/LocalBluetoothProfileManager( 1349): in func getConnectionStatus
E/BluetoothPan( 1349): getConnectionState(E8:8D:28:E0:AC:51)
I//system/bin/bluetoothd( 1435): bluetoothd[1436]: bnep0 zfh connected
E/BluetoothPanService(  939): Pan Device state : device: E8:8D:28:E0:AC:51 State:1->2
E/LocalBluetoothProfileManager( 1349): in func converState2
E/LocalBluetoothProfileManager( 1349): in func getConnectionStatus
E/BluetoothPan( 1349): getConnectionState(E8:8D:28:E0:AC:51)
E/LocalBluetoothProfileManager( 1349): in func converState2
D/BluetoothHFService( 1090): bt_call profilesetting is 0, bluetooth is enable=true, bail
E/LocalBluetoothProfileManager( 1349): in func getConnectionStatus
E/BluetoothPan( 1349): getConnectionState(E8:8D:28:E0:AC:51)
E/LocalBluetoothProfileManager( 1349): in func converState2
D/BluetoothHFService( 1090): bt_call profilesetting is 0, bluetooth is enable=true, bail
E/LocalBluetoothProfileManager( 1349): in func getConnectionStatus
E/BluetoothPan( 1349): getConnectionState(E8:8D:28:E0:AC:51)
E/LocalBluetoothProfileManager( 1349): in func converState2
E/BluetoothEventLoop.cpp(  939): event_filter: Received signal org.bluez.Network:PropertyChanged from /org/bluez/1436/hci0/dev_E8_8D_28_E0_AC_51
E/BluetoothPanService.cpp(  939): pan_event_filter
E/BluetoothPanService.cpp(  939):  
E/BluetoothPanService.cpp(  939): org.bluez.Network PropertyChanged
E/BluetoothPanService(  939): onPanDevicePropertyChanged
D/BluetoothPanService(  939): Pan Device property changed: E8:8D:28:E0:AC:51  property: UUID value: 00001116-0000-1000-8000-00805f9b34fb
D/BluetoothHFService( 1090): bt_call profilesetting is 0, bluetooth is enable=true, bail
E/LocalBluetoothProfileManager( 1349): in func getConnectionStatus
E/BluetoothPan( 1349): getConnectionState(E8:8D:28:E0:AC:51)
E/LocalBluetoothProfileManager( 1349): in func converState2
I/IdleWidgetProvider( 1219): updateIcon slot=phone_signal index=5 viewIndex=4 old=StatusBarIcon(pkg=com.android.systemui id=0x7f020068 level=0 visible=true num=0 ) icon=StatusBarIcon(pkg=com.android.systemui id=0x7f020068 level=0 visible=true num=0 )
E/ConnectivityServiceExt(  939): NetworkStateTracker.EVENT_CONFIGURATION_CHANGED
I/ConnectivityServiceExt(  939): handleConnect type: 7
D/ConnectivityServiceExt(  939): adding dns 172.20.10.1 for BLUETOOTH_TETHER
D/ConnectivityServiceExt(  939): ConnectivityChange for BLUETOOTH_TETHER: CONNECTED/CONNECTED
V/NetworkStateTracker(  939): Setting TCP values: [4095,87380,110208,4096,16384,110208] which comes from [net.tcp.buffersize.wifi]
E/ConnectivityServiceExt(  939): handleConnectivityChange
D/NetworkStateTracker(  939): addDefaultRoute for BLUETOOTH_TETHER (bnep0), GatewayAddr=17437868
D/ConnectivityServiceExt(  939): adding dns 172.20.10.1 for BLUETOOTH_TETHER
E/SyncManager(  939): manageSyncAlarm: shouldSet = false shouldCancel = false
D/Tethering(  939): MasterInitialState.processMessage what=3
I/IdleWidgetProvider( 1219): updateIcon slot=battery index=7 viewIndex=5 old=StatusBarIcon(pkg=com.android.systemui id=0x10802fe level=64 visible=true num=0 ) icon=StatusBarIcon(pkg=com.android.systemui id=0x10802fe level=64 visible=true num=0 )
I/IdleWidgetProvider( 1219): updateIcon slot=phone_signal index=5 viewIndex=4 old=StatusBarIcon(pkg=com.android.systemui id=0x7f020068 level=0 visible=true num=0 ) icon=StatusBarIcon(pkg=com.android.systemui id=0x7f020068 level=0 visible=true num=0 )
D/dalvikvm(  939): GC_CONCURRENT freed 382K, 53% free 4336K/9095K, external 305K/809K, paused 10ms+14ms
I/IdleWidgetProvider( 1219): updateIcon slot=phone_signal index=5 viewIndex=4 old=StatusBarIcon(pkg=com.android.systemui id=0x7f020068 level=0 visible=true num=0 ) icon=StatusBarIcon(pkg=com.android.systemui id=0x7f020068 level=0 visible=true num=0 )
D/StorageMonitor( 1090): mms freeMem:127012864, smslowflag:false,mmslowflag:false,smsThrehold:10240,mmsThreshold:317440
I/IdleWidgetProvider( 1219): updateIcon slot=battery index=7 viewIndex=5 old=StatusBarIcon(pkg=com.android.systemui id=0x10802fe level=64 visible=true num=0 ) icon=StatusBarIcon(pkg=com.android.systemui id=0x10802fe level=64 visible=true num=0 )
D/dalvikvm( 1256): GC_EXPLICIT freed 38K, 51% free 2837K/5703K, external 261K/515K, paused 98ms
I/IdleWidgetProvider( 1219): updateIcon slot=phone_signal index=5 viewIndex=4 old=StatusBarIcon(pkg=com.android.systemui id=0x7f020068 level=0 visible=true num=0 ) icon=StatusBarIcon(pkg=com.android.systemui id=0x7f020068 level=0 visible=true num=0 )
I/IdleWidgetProvider( 1219): updateIcon slot=battery index=7 viewIndex=5 old=StatusBarIcon(pkg=com.android.systemui id=0x10802fe level=64 visible=true num=0 ) icon=StatusBarIcon(pkg=com.android.systemui id=0x10802fe level=64 visible=true num=0 )
I/IdleWidgetProvider( 1219): updateIcon slot=phone_signal index=5 viewIndex=4 old=StatusBarIcon(pkg=com.android.systemui id=0x7f020068 level=0 visible=true num=0 ) icon=StatusBarIcon(pkg=com.android.systemui id=0x7f020068 level=0 visible=true num=0 )
D/AlarmManagerService(  939): type :1
D/AlarmManagerService(  939): needSetRtc :false
I/IdleWidgetProvider( 1219): updateIcon slot=phone_signal index=5 viewIndex=4 old=StatusBarIcon(pkg=com.android.systemui id=0x7f020068 level=0 visible=true num=0 ) icon=StatusBarIcon(pkg=com.android.systemui id=0x7f020068 level=0 visible=true num=0 )
